
> workflow-builder-frontend@1.0.0 test
> vitest run


[1m[46m RUN [49m[22m [36mv4.0.18 [39m[90mC:/Users/sanika d/Downloads/workflow-builder-main/workflow-builder-main/frontend[39m

node.exe : [90mstderr[2m | src/pages/__tests__/Login.test.jsx[2m > [22m[2mLogin 
form renders properly
At line:1 char:1
+ & "C:\Program Files\nodejs/node.exe" "C:\Program Files\nodejs/node_mo ...
+ ~~~~~~~~~~~~~~~~~~~~~~~~~~~~~~~~~~~~~~~~~~~~~~~~~~~~~~~~~~~~~~~~~~~~~
    + CategoryInfo          : NotSpecified: ([90mstderr[2m...enders properly:String)  
   [], RemoteException
    + FullyQualifiedErrorId : NativeCommandError
 
[22m[39mΓÜá∩╕Å React Router Future Flag Warning: React Router will begin wrapping 
state updates in `React.startTransition` in v7. You can use the `v7_startTransition` 
future flag to opt-in early. For more information, see 
https://reactrouter.com/v6/upgrading/future#v7_starttransition.
ΓÜá∩╕Å React Router Future Flag Warning: Relative route resolution within Splat routes 
is changing in v7. You can use the `v7_relativeSplatPath` future flag to opt-in early. 
For more information, see 
https://reactrouter.com/v6/upgrading/future#v7_relativesplatpath.

 [31mΓ¥»[39m src/pages/__tests__/Login.test.jsx [2m([22m[2m2 tests[22m[2m | [22m[31m2 failed[39m[2m)[22m[32m 132[2mms[22m[39m
[31m   [31m├ù[31m Login form renders properly[39m[32m 111[2mms[22m[39m
[31m   [31m├ù[31m Displays validation errors[39m[32m 18[2mms[22m[39m

[31mΓÄ»ΓÄ»ΓÄ»ΓÄ»ΓÄ»ΓÄ»ΓÄ»[39m[1m[41m Failed Tests 2 
[49m[22m[31mΓÄ»ΓÄ»ΓÄ»ΓÄ»ΓÄ»ΓÄ»ΓÄ»[39m

[41m[1m FAIL [22m[49m src/pages/__tests__/Login.test.jsx[2m > [22mLogin form 
renders properly
[31m[1mTestingLibraryElementError[22m: Found a label with the text of: /Email/i, 
however no form control was found associated to that label. Make sure you're using the 
"for" attribute or "aria-labelledby" attribute correctly.

Ignored nodes: comments, script, style
[36m<body>[31m
  [36m<div>[31m
    [36m<div[31m
      [33mclass[31m=[32m"min-h-[80vh] flex items-center justify-center"[31m
    [36m>[31m
      [36m<div[31m
        [33mclass[31m=[32m"bg-white p-8 rounded-lg shadow-md w-full max-w-md"[31m
      [36m>[31m
        [36m<div[31m
          [33mclass[31m=[32m"flex justify-center mb-6"[31m
        [36m>[31m
          [36m<div[31m
            [33mclass[31m=[32m"bg-primary-100 p-3 rounded-full text-primary-600"[31m
          [36m>[31m
            [36m<svg[31m
              [33mclass[31m=[32m"lucide lucide-lock w-8 h-8"[31m
              [33mfill[31m=[32m"none"[31m
              [33mheight[31m=[32m"24"[31m
              [33mstroke[31m=[32m"currentColor"[31m
              [33mstroke-linecap[31m=[32m"round"[31m
              [33mstroke-linejoin[31m=[32m"round"[31m
              [33mstroke-width[31m=[32m"2"[31m
              [33mviewBox[31m=[32m"0 0 24 24"[31m
              [33mwidth[31m=[32m"24"[31m
              [33mxmlns[31m=[32m"http://www.w3.org/2000/svg"[31m
            [36m>[31m
              [36m<rect[31m
                [33mheight[31m=[32m"11"[31m
                [33mrx[31m=[32m"2"[31m
                [33mry[31m=[32m"2"[31m
                [33mwidth[31m=[32m"18"[31m
                [33mx[31m=[32m"3"[31m
                [33my[31m=[32m"11"[31m
              [36m/>[31m
              [36m<path[31m
                [33md[31m=[32m"M7 11V7a5 5 0 0 1 10 0v4"[31m
              [36m/>[31m
            [36m</svg>[31m
          [36m</div>[31m
        [36m</div>[31m
        [36m<h2[31m
          [33mclass[31m=[32m"text-2xl font-bold text-center text-gray-900 mb-8"[31m
        [36m>[31m
          [0mSign in to your account[0m
        [36m</h2>[31m
        [36m<form[31m
          [33mclass[31m=[32m"space-y-4"[31m
        [36m>[31m
          [36m<div>[31m
            [36m<label[31m
              [33mclass[31m=[32m"block text-sm font-medium text-gray-700 mb-1"[31m
            [36m>[31m
              [0mEmail[0m
            [36m</label>[31m
            [36m<input[31m
              [33mclass[31m=[32m"w-full px-3 py-2 border border-gray-300 rounded-md 
shadow-sm focus:ring-primary-500 focus:border-primary-500"[31m
              [33mrequired[31m=[32m""[31m
              [33mtype[31m=[32m"email"[31m
              [33mvalue[31m=[32m""[31m
            [36m/>[31m
          [36m</div>[31m
          [36m<div>[31m
            [36m<label[31m
              [33mclass[31m=[32m"block text-sm font-medium text-gray-700 mb-1"[31m
            [36m>[31m
              [0mPassword[0m
            [36m</label>[31m
            [36m<input[31m
              [33mclass[31m=[32m"w-full px-3 py-2 border border-gray-300 rounded-md 
shadow-sm focus:ring-primary-500 focus:border-primary-500"[31m
              [33mrequired[31m=[32m""[31m
              [33mtype[31m=[32m"password"[31m
              [33mvalue[31m=[32m""[31m
            [36m/>[31m
          [36m</div>[31m
          [36m<button[31m
            [33mclass[31m=[32m"w-full flex justify-center py-2 px-4 border 
border-transparent rounded-md shadow-sm text-sm font-medium text-white bg-primary-600 
hover:bg-primary-700 focus:outline-none focus:ring-2 focus:ring-offset-2 
focus:ring-primary-500 disabled:opacity-50"[31m
            [33mtype[31m=[32m"submit"[31m
          [36m>[31m
            [0mSign in[0m
          [36m</button>[31m
        [36m</form>[31m
        [36m<div[31m
          [33mclass[31m=[32m"mt-6 text-center text-sm"[31m
        [36m>[31m
          [36m<span[31m
            [33mclass[31m=[32m"text-gray-600"[31m
          [36m>[31m
            [0mDon't have an account? [0m
          [36m</span>[31m
          [36m<a[31m
            [33mclass[31m=[32m"text-primary-600 hover:text-primary-500 
font-medium"[31m
            [33mhref[31m=[32m"/register"[31m
          [36m>[31m
            [0mSign up[0m
          [36m</a>[31m
        [36m</div>[31m
      [36m</div>[31m
    [36m</div>[31m
  [36m</div>[31m
[36m</body>[31m[39m
[90m [2mΓ¥»[22m Object.getElementError 
node_modules/@testing-library/dom/dist/config.js:[2m37:19[22m[39m
[90m [2mΓ¥»[22m getAllByLabelText 
node_modules/@testing-library/dom/dist/queries/label-text.js:[2m108:40[22m[39m
[90m [2mΓ¥»[22m 
node_modules/@testing-library/dom/dist/query-helpers.js:[2m52:17[22m[39m
[90m [2mΓ¥»[22m 
node_modules/@testing-library/dom/dist/query-helpers.js:[2m95:19[22m[39m
[36m [2mΓ¥»[22m src/pages/__tests__/Login.test.jsx:[2m28:19[22m[39m
    [90m 26| [39m
    [90m 27| [39m    [34mexpect[39m(screen[33m.[39m[34mgetByText[39m([32m'Sign 
in to your account'[39m))[33m.[39m[34mtoBeDefined[39m()[33m;[39m
    [90m 28| [39m    [34mexpect[39m(screen[33m.[39m[34mgetByLabelText[39m([36m/
Email/i[39m))[33m.[39m[34mtoBeDefined[39m()[33m;[39m
    [90m   | [39m                  [31m^[39m
    [90m 29| [39m    [34mexpect[39m(screen[33m.[39m[34mgetByLabelText[39m([36m/
Password/i[39m))[33m.[39m[34mtoBeDefined[39m()[33m;[39m
    [90m 30| [39m})[33m;[39m

[31m[2mΓÄ»ΓÄ»ΓÄ»ΓÄ»ΓÄ»ΓÄ»ΓÄ»ΓÄ»ΓÄ»ΓÄ»ΓÄ»ΓÄ»ΓÄ»ΓÄ»ΓÄ»ΓÄ»ΓÄ»ΓÄ»ΓÄ»ΓÄ»ΓÄ»ΓÄ»ΓÄ»ΓÄ»[1/2]ΓÄ
»[22m[39m

[41m[1m FAIL [22m[49m src/pages/__tests__/Login.test.jsx[2m > [22mDisplays 
validation errors
[31m[1mTestingLibraryElementError[22m: Found a label with the text of: /Email/i, 
however no form control was found associated to that label. Make sure you're using the 
"for" attribute or "aria-labelledby" attribute correctly.

[2m Test Files [22m [1m[31m1 failed[39m[22m[90m (1)[39m
[2m      Tests [22m [1m[31m2 failed[39m[22m[90m (2)[39m
[2m   Start at [22m 09:28:08
[2m   Duration [22m 3.29s[2m (transform 199ms, setup 0ms, import 974ms, tests 132ms, environment 1.77s)[22m


Ignored nodes: comments, script, style
[36m<body>[31m
  [36m<div>[31m
    [36m<div[31m
      [33mclass[31m=[32m"min-h-[80vh] flex items-center justify-center"[31m
    [36m>[31m
      [36m<div[31m
        [33mclass[31m=[32m"bg-white p-8 rounded-lg shadow-md w-full max-w-md"[31m
      [36m>[31m
        [36m<div[31m
          [33mclass[31m=[32m"flex justify-center mb-6"[31m
        [36m>[31m
          [36m<div[31m
            [33mclass[31m=[32m"bg-primary-100 p-3 rounded-full text-primary-600"[31m
          [36m>[31m
            [36m<svg[31m
              [33mclass[31m=[32m"lucide lucide-lock w-8 h-8"[31m
              [33mfill[31m=[32m"none"[31m
              [33mheight[31m=[32m"24"[31m
              [33mstroke[31m=[32m"currentColor"[31m
              [33mstroke-linecap[31m=[32m"round"[31m
              [33mstroke-linejoin[31m=[32m"round"[31m
              [33mstroke-width[31m=[32m"2"[31m
              [33mviewBox[31m=[32m"0 0 24 24"[31m
              [33mwidth[31m=[32m"24"[31m
              [33mxmlns[31m=[32m"http://www.w3.org/2000/svg"[31m
            [36m>[31m
              [36m<rect[31m
                [33mheight[31m=[32m"11"[31m
                [33mrx[31m=[32m"2"[31m
                [33mry[31m=[32m"2"[31m
                [33mwidth[31m=[32m"18"[31m
                [33mx[31m=[32m"3"[31m
                [33my[31m=[32m"11"[31m
              [36m/>[31m
              [36m<path[31m
                [33md[31m=[32m"M7 11V7a5 5 0 0 1 10 0v4"[31m
              [36m/>[31m
            [36m</svg>[31m
          [36m</div>[31m
        [36m</div>[31m
        [36m<h2[31m
          [33mclass[31m=[32m"text-2xl font-bold text-center text-gray-900 mb-8"[31m
        [36m>[31m
          [0mSign in to your account[0m
        [36m</h2>[31m
        [36m<form[31m
          [33mclass[31m=[32m"space-y-4"[31m
        [36m>[31m
          [36m<div>[31m
            [36m<label[31m
              [33mclass[31m=[32m"block text-sm font-medium text-gray-700 mb-1"[31m
            [36m>[31m
              [0mEmail[0m
            [36m</label>[31m
            [36m<input[31m
              [33mclass[31m=[32m"w-full px-3 py-2 border border-gray-300 rounded-md 
shadow-sm focus:ring-primary-500 focus:border-primary-500"[31m
              [33mrequired[31m=[32m""[31m
              [33mtype[31m=[32m"email"[31m
              [33mvalue[31m=[32m""[31m
            [36m/>[31m
          [36m</div>[31m
          [36m<div>[31m
            [36m<label[31m
              [33mclass[31m=[32m"block text-sm font-medium text-gray-700 mb-1"[31m
            [36m>[31m
              [0mPassword[0m
            [36m</label>[31m
            [36m<input[31m
              [33mclass[31m=[32m"w-full px-3 py-2 border border-gray-300 rounded-md 
shadow-sm focus:ring-primary-500 focus:border-primary-500"[31m
              [33mrequired[31m=[32m""[31m
              [33mtype[31m=[32m"password"[31m
              [33mvalue[31m=[32m""[31m
            [36m/>[31m
          [36m</div>[31m
          [36m<button[31m
            [33mclass[31m=[32m"w-full flex justify-center py-2 px-4 border 
border-transparent rounded-md shadow-sm text-sm font-medium text-white bg-primary-600 
hover:bg-primary-700 focus:outline-none focus:ring-2 focus:ring-offset-2 
focus:ring-primary-500 disabled:opacity-50"[31m
            [33mtype[31m=[32m"submit"[31m
          [36m>[31m
            [0mSign in[0m
          [36m</button>[31m
        [36m</form>[31m
        [36m<div[31m
          [33mclass[31m=[32m"mt-6 text-center text-sm"[31m
        [36m>[31m
          [36m<span[31m
            [33mclass[31m=[32m"text-gray-600"[31m
          [36m>[31m
            [0mDon't have an account? [0m
          [36m</span>[31m
          [36m<a[31m
            [33mclass[31m=[32m"text-primary-600 hover:text-primary-500 
font-medium"[31m
            [33mhref[31m=[32m"/register"[31m
          [36m>[31m
            [0mSign up[0m
          [36m</a>[31m
        [36m</div>[31m
      [36m</div>[31m
    [36m</div>[31m
  [36m</div>[31m
[36m</body>[31m[39m
[90m [2mΓ¥»[22m Object.getElementError 
node_modules/@testing-library/dom/dist/config.js:[2m37:19[22m[39m
[90m [2mΓ¥»[22m getAllByLabelText 
node_modules/@testing-library/dom/dist/queries/label-text.js:[2m108:40[22m[39m
[90m [2mΓ¥»[22m 
node_modules/@testing-library/dom/dist/query-helpers.js:[2m52:17[22m[39m
[90m [2mΓ¥»[22m 
node_modules/@testing-library/dom/dist/query-helpers.js:[2m95:19[22m[39m
[36m [2mΓ¥»[22m src/pages/__tests__/Login.test.jsx:[2m44:29[22m[39m
    [90m 42| [39m    )[33m;[39m
    [90m 43| [39m
    [90m 44| [39m    fireEvent.change(screen.getByLabelText(/Email/i), { target: { 
valuΓÇª
    [90m   | [39m                            [31m^[39m
    [90m 45| [39m    fireEvent.change(screen.getByLabelText(/Password/i), { target: { 
vΓÇª
    [90m 46| [39m

[31m[2mΓÄ»ΓÄ»ΓÄ»ΓÄ»ΓÄ»ΓÄ»ΓÄ»ΓÄ»ΓÄ»ΓÄ»ΓÄ»ΓÄ»ΓÄ»ΓÄ»ΓÄ»ΓÄ»ΓÄ»ΓÄ»ΓÄ»ΓÄ»ΓÄ»ΓÄ»ΓÄ»ΓÄ»[2/2]ΓÄ
»[22m[39m

