
> workflow-builder-backend@1.0.0 test
> cross-env NODE_OPTIONS=--experimental-vm-modules jest --runInBand --forceExit

node.exe : (node:13468) ExperimentalWarning: VM Modules is an experimental feature and 
might change at any time
At line:1 char:1
+ & "C:\Program Files\nodejs/node.exe" "C:\Program Files\nodejs/node_mo ...
+ ~~~~~~~~~~~~~~~~~~~~~~~~~~~~~~~~~~~~~~~~~~~~~~~~~~~~~~~~~~~~~~~~~~~~~
    + CategoryInfo          : NotSpecified: ((node:13468) Ex...nge at any time:String)  
   [], RemoteException
    + FullyQualifiedErrorId : NativeCommandError
 
(Use `node --trace-warnings ...` to show where the warning was created)
(node:13468) [MONGOOSE] Warning: Duplicate schema index on {"email":1} found. This is 
often due to declaring an index using both "index: true" and "schema.index()". Please 
remove the duplicate index definition.
FAIL tests/auth.test.js (9.561 s)
  Auth API
    POST /api/auth/register
      ΓêÜ should register a new user (308 ms)
      ├ù should validate user input (5016 ms)
    POST /api/auth/login
      ΓêÜ should login an existing user (369 ms)
      ΓêÜ should fail with incorrect password (330 ms)

  ΓùÅ Auth API ΓÇ║ POST /api/auth/register ΓÇ║ should validate user input

    thrown: "Exceeded timeout of 5000 ms for a test.
    Add a timeout value to this test to increase the timeout, if this is a long-running 
test. See https://jestjs.io/docs/api#testname-fn-timeout."

    [0m [90m 27 |[39m         })[33m;[39m
     [90m 28 |[39m
    [31m[1m>[22m[39m[90m 29 |[39m         it([32m'should validate user 
input'[39m[33m,[39m [36masync[39m () [33m=>[39m {
     [90m    |[39m         [31m[1m^[22m[39m
     [90m 30 |[39m             [36mconst[39m res [33m=[39m [36mawait[39m 
request(app)
     [90m 31 |[39m                 [33m.[39mpost([32m'/api/auth/register'[39m)
     [90m 32 |[39m                 [33m.[39msend({ email[33m:[39m 
[32m'invalid-email'[39m[33m,[39m password[33m:[39m [32m'123'[39m 
})[33m;[39m[0m

      at tests/auth.test.js:29:9
      at tests/auth.test.js:18:5
      at tests/auth.test.js:12:1

  ΓùÅ Auth API ΓÇ║ POST /api/auth/register ΓÇ║ should validate user input

    TypeError: Cannot read properties of undefined (reading 'map')

    [0m [90m 13 |[39m             [36mreturn[39m 
res[33m.[39mstatus([35m400[39m)[33m.[39mjson({
     [90m 14 |[39m                 error[33m:[39m [32m'Validation 
failed'[39m[33m,[39m
    [31m[1m>[22m[39m[90m 15 |[39m                 details[33m:[39m 
error[33m.[39merrors[33m.[39mmap(err [33m=>[39m ({
     [90m    |[39m                                       [31m[1m^[22m[39m
     [90m 16 |[39m                     path[33m:[39m 
err[33m.[39mpath[33m.[39mjoin([32m'.'[39m)[33m,[39m
     [90m 17 |[39m                     message[33m:[39m err[33m.[39mmessage
     [90m 18 |[39m                 }))[0m

      at middleware/validate.js:15:39

  ΓùÅ Auth API ΓÇ║ POST /api/auth/register ΓÇ║ should validate user input

    TypeError: Cannot read properties of undefined (reading 'map')

    [0m [90m 13 |[39m             [36mreturn[39m 
res[33m.[39mstatus([35m400[39m)[33m.[39mjson({
     [90m 14 |[39m                 error[33m:[39m [32m'Validation 
failed'[39m[33m,[39m
    [31m[1m>[22m[39m[90m 15 |[39m                 details[33m:[39m 
error[33m.[39merrors[33m.[39mmap(err [33m=>[39m ({
     [90m    |[39m                                       [31m[1m^[22m[39m
     [90m 16 |[39m                     path[33m:[39m 
err[33m.[39mpath[33m.[39mjoin([32m'.'[39m)[33m,[39m
     [90m 17 |[39m                     message[33m:[39m err[33m.[39mmessage
     [90m 18 |[39m                 }))[0m

      at middleware/validate.js:15:39

Test Suites: 1 failed, 1 total
Tests:       1 failed, 3 passed, 4 total
Snapshots:   0 total
Time:        9.69 s, estimated 10 s
Ran all test suites.
Force exiting Jest: Have you considered using `--detectOpenHandles` to detect async 
operations that kept running after all tests finished?
